
LIT_INTEGER(81985529216486895)
ILLEGAL
ILLEGAL
LIT_INTEGER(11259375)
LIT_INTEGER(1)
ILLEGAL
LIT_INTEGER(1152921504606846975)
LIT_INTEGER(18446744073709551615)
LIT_INTEGER(18446744073709551615)
LIT_INTEGER(18446744073709551615)
ILLEGAL
ILLEGAL
EOF