IGNORE
AS
IN
U8
I8
IF
VAR
U16
I16
U32
I32
U64
I64
F32
F64
MAP
FUNC
BOOL
TYPE
LIT_BOOL(true)
NONE
ENUM
ELSE
CONST
WHILE
BREAK
LIT_BOOL(false)
UNION
TUPLE
MATCH
FLAGS
SLICE
ARRAY
IMPORT
RETURN
STRUCT
STRING
FOR_EACH
NEXT_LOOP
TEMPLATE
EOF